// Jest Snapshot v1, https://goo.gl/fbAQLP

exports[`MovieItemModal Should render and match snapshot 1`] = `
<div
  className="modal"
>
  <div
    className="modal__window"
  >
    <svg
      aria-hidden="true"
      className="svg-inline--fa fa-times-circle fa-w-16 modal__cross"
      data-icon="times-circle"
      data-prefix="far"
      focusable="false"
      onClick={[Function]}
      role="img"
      style={Object {}}
      viewBox="0 0 512 512"
      xmlns="http://www.w3.org/2000/svg"
    >
      <path
        d="M256 8C119 8 8 119 8 256s111 248 248 248 248-111 248-248S393 8 256 8zm0 448c-110.5 0-200-89.5-200-200S145.5 56 256 56s200 89.5 200 200-89.5 200-200 200zm101.8-262.2L295.6 256l62.2 62.2c4.7 4.7 4.7 12.3 0 17l-22.6 22.6c-4.7 4.7-12.3 4.7-17 0L256 295.6l-62.2 62.2c-4.7 4.7-12.3 4.7-17 0l-22.6-22.6c-4.7-4.7-4.7-12.3 0-17l62.2-62.2-62.2-62.2c-4.7-4.7-4.7-12.3 0-17l22.6-22.6c4.7-4.7 12.3-4.7 17 0l62.2 62.2 62.2-62.2c4.7-4.7 12.3-4.7 17 0l22.6 22.6c4.7 4.7 4.7 12.3 0 17z"
        fill="currentColor"
        style={Object {}}
      />
    </svg>
    <div
      className="info_modal"
    >
      <div
        className="info_modal__about"
      >
        <div
          className="info_modal__about_title"
        >
          title
        </div>
        <div
          className="vote"
        >
          5
        </div>
      </div>
      <div
        className="info_modal__genres"
      >
        
      </div>
    </div>
    <div
      className="modal__description"
    >
      some text
    </div>
    <div
      className="modal__button"
    >
      <button
        className="button primary"
        onClick={[Function]}
      >
        Watch Now
      </button>
    </div>
  </div>
</div>
`;
