// Jest Snapshot v1, https://goo.gl/fbAQLP

exports[`ScrollToTop Should render and match snapshot 1`] = `
<div
  className="scroll_to_top"
/>
`;
